------------------------------------------------------------
Timing Analyzer Summary
------------------------------------------------------------

Type  : Slow 1200mV 85C Model Setup 'CLOCK_50'
Slack : -91.340
TNS   : -15484.955

Type  : Slow 1200mV 85C Model Setup 'AUD_BCLK'
Slack : -28.666
TNS   : -5714.153

Type  : Slow 1200mV 85C Model Setup 'u_vga|video_pll_0|video_pll|PLL_for_DE_Series_Boards|auto_generated|pll1|clk[1]'
Slack : 11.238
TNS   : 0.000

Type  : Slow 1200mV 85C Model Setup 'i2c_pll_u|altpll_component|auto_generated|pll1|clk[0]'
Slack : 49997.222
TNS   : 0.000

Type  : Slow 1200mV 85C Model Hold 'CLOCK_50'
Slack : 0.315
TNS   : 0.000

Type  : Slow 1200mV 85C Model Hold 'AUD_BCLK'
Slack : 0.400
TNS   : 0.000

Type  : Slow 1200mV 85C Model Hold 'i2c_pll_u|altpll_component|auto_generated|pll1|clk[0]'
Slack : 0.403
TNS   : 0.000

Type  : Slow 1200mV 85C Model Hold 'u_vga|video_pll_0|video_pll|PLL_for_DE_Series_Boards|auto_generated|pll1|clk[1]'
Slack : 0.404
TNS   : 0.000

Type  : Slow 1200mV 85C Model Minimum Pulse Width 'AUD_BCLK'
Slack : -3.000
TNS   : -2898.766

Type  : Slow 1200mV 85C Model Minimum Pulse Width 'CLOCK_50'
Slack : 9.413
TNS   : 0.000

Type  : Slow 1200mV 85C Model Minimum Pulse Width 'u_vga|video_pll_0|video_pll|PLL_for_DE_Series_Boards|auto_generated|pll1|clk[1]'
Slack : 19.708
TNS   : 0.000

Type  : Slow 1200mV 85C Model Minimum Pulse Width 'i2c_pll_u|altpll_component|auto_generated|pll1|clk[0]'
Slack : 24999.703
TNS   : 0.000

Type  : Slow 1200mV 0C Model Setup 'CLOCK_50'
Slack : -80.468
TNS   : -13537.083

Type  : Slow 1200mV 0C Model Setup 'AUD_BCLK'
Slack : -25.784
TNS   : -5155.841

Type  : Slow 1200mV 0C Model Setup 'u_vga|video_pll_0|video_pll|PLL_for_DE_Series_Boards|auto_generated|pll1|clk[1]'
Slack : 14.002
TNS   : 0.000

Type  : Slow 1200mV 0C Model Setup 'i2c_pll_u|altpll_component|auto_generated|pll1|clk[0]'
Slack : 49997.434
TNS   : 0.000

Type  : Slow 1200mV 0C Model Hold 'CLOCK_50'
Slack : 0.326
TNS   : 0.000

Type  : Slow 1200mV 0C Model Hold 'i2c_pll_u|altpll_component|auto_generated|pll1|clk[0]'
Slack : 0.355
TNS   : 0.000

Type  : Slow 1200mV 0C Model Hold 'u_vga|video_pll_0|video_pll|PLL_for_DE_Series_Boards|auto_generated|pll1|clk[1]'
Slack : 0.355
TNS   : 0.000

Type  : Slow 1200mV 0C Model Hold 'AUD_BCLK'
Slack : 0.387
TNS   : 0.000

Type  : Slow 1200mV 0C Model Minimum Pulse Width 'AUD_BCLK'
Slack : -3.000
TNS   : -2859.066

Type  : Slow 1200mV 0C Model Minimum Pulse Width 'CLOCK_50'
Slack : 9.442
TNS   : 0.000

Type  : Slow 1200mV 0C Model Minimum Pulse Width 'u_vga|video_pll_0|video_pll|PLL_for_DE_Series_Boards|auto_generated|pll1|clk[1]'
Slack : 19.709
TNS   : 0.000

Type  : Slow 1200mV 0C Model Minimum Pulse Width 'i2c_pll_u|altpll_component|auto_generated|pll1|clk[0]'
Slack : 24999.704
TNS   : 0.000

Type  : Fast 1200mV 0C Model Setup 'CLOCK_50'
Slack : -33.855
TNS   : -5145.115

Type  : Fast 1200mV 0C Model Setup 'AUD_BCLK'
Slack : -13.260
TNS   : -2261.934

Type  : Fast 1200mV 0C Model Setup 'u_vga|video_pll_0|video_pll|PLL_for_DE_Series_Boards|auto_generated|pll1|clk[1]'
Slack : 25.933
TNS   : 0.000

Type  : Fast 1200mV 0C Model Setup 'i2c_pll_u|altpll_component|auto_generated|pll1|clk[0]'
Slack : 49998.628
TNS   : 0.000

Type  : Fast 1200mV 0C Model Hold 'CLOCK_50'
Slack : 0.109
TNS   : 0.000

Type  : Fast 1200mV 0C Model Hold 'AUD_BCLK'
Slack : 0.159
TNS   : 0.000

Type  : Fast 1200mV 0C Model Hold 'i2c_pll_u|altpll_component|auto_generated|pll1|clk[0]'
Slack : 0.182
TNS   : 0.000

Type  : Fast 1200mV 0C Model Hold 'u_vga|video_pll_0|video_pll|PLL_for_DE_Series_Boards|auto_generated|pll1|clk[1]'
Slack : 0.182
TNS   : 0.000

Type  : Fast 1200mV 0C Model Minimum Pulse Width 'AUD_BCLK'
Slack : -3.000
TNS   : -2128.609

Type  : Fast 1200mV 0C Model Minimum Pulse Width 'CLOCK_50'
Slack : 9.199
TNS   : 0.000

Type  : Fast 1200mV 0C Model Minimum Pulse Width 'u_vga|video_pll_0|video_pll|PLL_for_DE_Series_Boards|auto_generated|pll1|clk[1]'
Slack : 19.751
TNS   : 0.000

Type  : Fast 1200mV 0C Model Minimum Pulse Width 'i2c_pll_u|altpll_component|auto_generated|pll1|clk[0]'
Slack : 24999.772
TNS   : 0.000

------------------------------------------------------------
